// Jest Snapshot v1, https://goo.gl/fbAQLP

exports[`matches snapshot for courses 1`] = `
<div
  className="w-full h-full"
>
  <h2
    className="text-xl font-bold"
  >
    Olá 
    Test User
  </h2>
  <div
    className="border-y-[1px] border-grayMedium my-4 py-4"
  >
    <div
      className="grid grid-cols-4 lg:grid-cols-1 gap-y-4"
    >
      <div>
        <div
          className="flex items-center"
        >
          <p
            className="mr-2 text-grayMedium text-lg"
          >
            Progressos:
          </p>
          <select
            className="p-1 rounded-md border-grayLight"
            id="courseStatus"
            onChange={[Function]}
            value="all"
          >
            <option
              value="all"
            >
              Todo tempo
            </option>
            <option
              value="this_month"
            >
              Esse més
            </option>
            <option
              value="last_month"
            >
              Més passado
            </option>
            <option
              value="7_days"
            >
              Últimos 7 dias
            </option>
            <option
              value="this_year"
            >
              Essé ano
            </option>
          </select>
        </div>
      </div>
      <div>
        <div
          className=""
        >
          <p
            className="font-normal text-lg"
          >
            Total cursos:
          </p>
          <p
            className="font-bold"
            id="courseAmount"
          >
            2
          </p>
        </div>
      </div>
      <div>
        <p
          className="font-normal text-lg"
        >
          Total alunos
        </p>
        <p
          className="font-bold"
          id="subscribers"
        >
          300
        </p>
      </div>
      <div>
         
        <p
          className="font-normal text-lg"
        >
          Total certificados emitidos
        </p>
        <p
          className="font-bold"
          id="certificateAmount"
        >
          0
        </p>
      </div>
      <div>
        <p
          className="font-normal text-lg"
        >
          Avaliação
        </p>
        <div
          className="w-[12rem] max-w-full"
        >
          <div
            className="flex flex-row"
          >
            <svg
              className="text-star undefined"
              role="presentation"
              style={{}}
              viewBox="0 0 24 24"
            >
              <path
                d="M12,15.39L8.24,17.66L9.23,13.38L5.91,10.5L10.29,10.13L12,6.09L13.71,10.13L18.09,10.5L14.77,13.38L15.76,17.66M22,9.24L14.81,8.63L12,2L9.19,8.63L2,9.24L7.45,13.97L5.82,21L12,17.27L18.18,21L16.54,13.97L22,9.24Z"
                style={
                  {
                    "fill": "currentColor",
                  }
                }
              />
            </svg>
            <svg
              className="text-star undefined"
              role="presentation"
              style={{}}
              viewBox="0 0 24 24"
            >
              <path
                d="M12,15.39L8.24,17.66L9.23,13.38L5.91,10.5L10.29,10.13L12,6.09L13.71,10.13L18.09,10.5L14.77,13.38L15.76,17.66M22,9.24L14.81,8.63L12,2L9.19,8.63L2,9.24L7.45,13.97L5.82,21L12,17.27L18.18,21L16.54,13.97L22,9.24Z"
                style={
                  {
                    "fill": "currentColor",
                  }
                }
              />
            </svg>
            <svg
              className="text-star undefined"
              role="presentation"
              style={{}}
              viewBox="0 0 24 24"
            >
              <path
                d="M12,15.39L8.24,17.66L9.23,13.38L5.91,10.5L10.29,10.13L12,6.09L13.71,10.13L18.09,10.5L14.77,13.38L15.76,17.66M22,9.24L14.81,8.63L12,2L9.19,8.63L2,9.24L7.45,13.97L5.82,21L12,17.27L18.18,21L16.54,13.97L22,9.24Z"
                style={
                  {
                    "fill": "currentColor",
                  }
                }
              />
            </svg>
            <svg
              className="text-star undefined"
              role="presentation"
              style={{}}
              viewBox="0 0 24 24"
            >
              <path
                d="M12,15.39L8.24,17.66L9.23,13.38L5.91,10.5L10.29,10.13L12,6.09L13.71,10.13L18.09,10.5L14.77,13.38L15.76,17.66M22,9.24L14.81,8.63L12,2L9.19,8.63L2,9.24L7.45,13.97L5.82,21L12,17.27L18.18,21L16.54,13.97L22,9.24Z"
                style={
                  {
                    "fill": "currentColor",
                  }
                }
              />
            </svg>
            <svg
              className="text-star undefined"
              role="presentation"
              style={{}}
              viewBox="0 0 24 24"
            >
              <path
                d="M12,15.39L8.24,17.66L9.23,13.38L5.91,10.5L10.29,10.13L12,6.09L13.71,10.13L18.09,10.5L14.77,13.38L15.76,17.66M22,9.24L14.81,8.63L12,2L9.19,8.63L2,9.24L7.45,13.97L5.82,21L12,17.27L18.18,21L16.54,13.97L22,9.24Z"
                style={
                  {
                    "fill": "currentColor",
                  }
                }
              />
            </svg>
            <p
              className="text-star ml-1 text-2xl font-bold"
            >
              0
            </p>
          </div>
        </div>
      </div>
    </div>
  </div>
  <div>
    <p
      className="font-bold"
    >
      Atividades
    </p>
     
    <div
      className="grid grid-cols-4 lg:grid-cols-1 gap-y-2"
    />
  </div>
</div>
`;

exports[`matches snapshot without courses 1`] = `
<div
  className="w-full h-full"
>
  <h2
    className="text-xl font-bold"
  >
    Olá 
    Test User
  </h2>
  <div
    className="border-y-[1px] border-grayMedium my-4 py-4"
  >
    <div
      className="grid grid-cols-4 lg:grid-cols-1 gap-y-4"
    >
      <p
        className="italic"
        id="noCourses"
      >
        Não há dados suficiente
      </p>
    </div>
  </div>
  <div>
    <p
      className="font-bold"
    >
      Atividades
    </p>
     
    <div
      className="grid grid-cols-4 lg:grid-cols-1 gap-y-2"
    >
      <p
        className="italic"
      >
        Nenhuma atividade
      </p>
    </div>
  </div>
</div>
`;
